// Jest Snapshot v1, https://jestjs.io/docs/snapshot-testing

exports[`StartPage Component renders StartPage correctly (snapshot) 1`] = `
<DocumentFragment>
  <div
    class="flex h-screen items-center justify-center bg-cover"
    style="background-image: url("test-file-stub");"
  >
    <div
      class="w-full max-w-md rounded-xl border border-pink-400/50 px-8 py-10 shadow-2xl"
      style="background-color: rgba(255, 255, 255, 0.3);"
    >
      <h1
        class="mb-4 text-center text-5xl font-extrabold tracking-wider text-pink-900"
      >
        Memory Game
      </h1>
      <label
        class="mb-2 block text-base font-bold text-white"
      >
        Player Name
      </label>
      <input
        class="focus:outline-none mb-4 w-full rounded-lg border bg-white/80 p-2 text-gray-800 transition-colors focus:border-pink-400 focus:ring-2 focus:ring-pink-400 border-gray-300"
        placeholder="Enter your name"
        value=""
      />
      <label
        class="mb-2 block text-base font-bold text-white"
      >
        Board Size
      </label>
      <select
        class="focus:outline-none mb-6 w-full appearance-none rounded-lg border border-gray-300 bg-white/80 p-2 text-gray-800 transition-colors focus:border-pink-400 focus:ring-2 focus:ring-pink-400"
      >
        <option
          value="2x2"
        >
          2x2
        </option>
        <option
          value="3x4"
        >
          3x4
        </option>
        <option
          value="4x4"
        >
          4x4
        </option>
        <option
          value="4x5"
        >
          4x5
        </option>
      </select>
      <label
        class="mb-2 block text-sm font-semibold text-white"
      >
        Difficulty
      </label>
      <div
        class="relative mb-8 flex gap-3"
      >
        <div
          class="group relative flex-1"
        >
          <button
            class="w-full rounded-lg px-3 py-2 text-sm font-semibold uppercase transition-all duration-200 bg-pink-700 text-white shadow-md"
            type="button"
          >
            Easy
          </button>
          <div
            class="pointer-events-none absolute bottom-full left-1/2 z-10 mb-2 -translate-x-1/2 transform opacity-0 transition-opacity duration-200 group-hover:opacity-100"
          >
            <div
              class="whitespace-nowrap rounded bg-gray-800 px-2 py-1 text-xs text-white shadow-lg"
            >
              Beginner-friendly - Moves: 36
            </div>
          </div>
        </div>
        <div
          class="group relative flex-1"
        >
          <button
            class="w-full rounded-lg px-3 py-2 text-sm font-semibold uppercase transition-all duration-200 border border-gray-600 bg-gray-800 text-gray-200 hover:border-pink-500 hover:bg-gray-700 hover:text-pink-400"
            type="button"
          >
            Medium
          </button>
          <div
            class="pointer-events-none absolute bottom-full left-1/2 z-10 mb-2 -translate-x-1/2 transform opacity-0 transition-opacity duration-200 group-hover:opacity-100"
          >
            <div
              class="whitespace-nowrap rounded bg-gray-800 px-2 py-1 text-xs text-white shadow-lg"
            >
              Balanced challenge - Moves: 30
            </div>
          </div>
        </div>
        <div
          class="group relative flex-1"
        >
          <button
            class="w-full rounded-lg px-3 py-2 text-sm font-semibold uppercase transition-all duration-200 border border-gray-600 bg-gray-800 text-gray-200 hover:border-pink-500 hover:bg-gray-700 hover:text-pink-400"
            type="button"
          >
            Hard
          </button>
          <div
            class="pointer-events-none absolute bottom-full left-1/2 z-10 mb-2 -translate-x-1/2 transform opacity-0 transition-opacity duration-200 group-hover:opacity-100"
          >
            <div
              class="whitespace-nowrap rounded bg-gray-800 px-2 py-1 text-xs text-white shadow-lg"
            >
              High difficulty - Moves: 24
            </div>
          </div>
        </div>
      </div>
      <button
        class="w-full rounded-lg bg-pink-700 py-2 text-lg font-bold uppercase text-white shadow-lg transition-colors duration-200 hover:bg-pink-800"
        data-testid="start-button"
      >
        Start Game
      </button>
    </div>
  </div>
</DocumentFragment>
`;
